// Jest Snapshot v1, https://goo.gl/fbAQLP

exports[`logToConsoleAwsLambda listener should print an object 1`] = `
Object {
  "format": "%s	%s	%s	%s
%s",
  "formatArgs": Array [
    "1970-01-01T00:00:00.000Z",
    "-",
    "ERROR",
    "",
    "                                                                                                                                                                                                                                                               .",
    "
{
  \\"_time\\": {
    \\"stamp\\": \\"1970-01-01T00:00:00.000Z\\",
    \\"localStamp\\": \\"1970-01-01T01:00:00.000+00:00\\",
    \\"zone\\": \\"Europe/Stockholm\\",
    \\"utc_offset\\": 0
  },
  \\"_level\\": 30,
  \\"key\\": \\"This is a value.\\"
}",
  ],
}
`;
